Archive member included to satisfy reference by file (symbol)

d:/stuff/atmel/7.0/toolchain/avr8/avr8-gnu-toolchain/bin/../lib/gcc/avr/4.9.2/avr5\libgcc.a(_exit.o)
                              D:/Stuff/Atmel/7.0/Packs/atmel/ATmega_DFP/1.1.130/gcc/dev/atmega328p/avr5/crtatmega328p.o (exit)
d:/stuff/atmel/7.0/toolchain/avr8/avr8-gnu-toolchain/bin/../lib/gcc/avr/4.9.2/avr5\libgcc.a(_tablejump2.o)
                              nrf24l01p.o (__tablejump2__)
d:/stuff/atmel/7.0/toolchain/avr8/avr8-gnu-toolchain/bin/../lib/gcc/avr/4.9.2/avr5\libgcc.a(_copy_data.o)
                              main.o (__do_copy_data)
d:/stuff/atmel/7.0/toolchain/avr8/avr8-gnu-toolchain/bin/../lib/gcc/avr/4.9.2/avr5\libgcc.a(_clear_bss.o)
                              main.o (__do_clear_bss)
d:/stuff/atmel/7.0/toolchain/avr8/avr8-gnu-toolchain/bin/../lib/gcc/avr/4.9.2/avr5\libgcc.a(_ctors.o)
                              main.o (__do_global_ctors)
d:/stuff/atmel/7.0/toolchain/avr8/avr8-gnu-toolchain/bin/../lib/gcc/avr/4.9.2/avr5\libgcc.a(_ashrdi3.o)
                              nrf24l01p.o (__lshrdi3)
d:/stuff/atmel/7.0/toolchain/avr8/avr8-gnu-toolchain/bin/../lib/gcc/avr/4.9.2/../../../../avr/lib/avr5\libc.a(atoi.o)
                              main.o (atoi)
d:/stuff/atmel/7.0/toolchain/avr8/avr8-gnu-toolchain/bin/../lib/gcc/avr/4.9.2/../../../../avr/lib/avr5\libc.a(mul10.o)
                              d:/stuff/atmel/7.0/toolchain/avr8/avr8-gnu-toolchain/bin/../lib/gcc/avr/4.9.2/../../../../avr/lib/avr5\libc.a(atoi.o) (__mulhi_const_10)

Discarded input sections

 .data          0x00000000        0x0 D:/Stuff/Atmel/7.0/Packs/atmel/ATmega_DFP/1.1.130/gcc/dev/atmega328p/avr5/crtatmega328p.o
 .bss           0x00000000        0x0 D:/Stuff/Atmel/7.0/Packs/atmel/ATmega_DFP/1.1.130/gcc/dev/atmega328p/avr5/crtatmega328p.o
 .text          0x00000000        0x0 adc.o
 .data          0x00000000        0x0 adc.o
 .bss           0x00000000        0x0 adc.o
 .text          0x00000000        0x0 dht.o
 .data          0x00000000        0x0 dht.o
 .bss           0x00000000        0x0 dht.o
 .text          0x00000000        0x0 ds18b20.o
 .data          0x00000000        0x0 ds18b20.o
 .bss           0x00000000        0x0 ds18b20.o
 .text          0x00000000        0x0 main.o
 .data          0x00000000        0x0 main.o
 .bss           0x00000000        0x0 main.o
 .text          0x00000000        0x0 nrf24l01p.o
 .data          0x00000000        0x0 nrf24l01p.o
 .bss           0x00000000        0x0 nrf24l01p.o
 .text._ZN9nRF24L01P12getRXAddressEh
                0x00000000       0x8a nrf24l01p.o
 .text._ZN9nRF24L01P12getTXAddressEv
                0x00000000       0x12 nrf24l01p.o
 .text._ZN9nRF24L01P19getFrequencyChannelEv
                0x00000000        0xe nrf24l01p.o
 .text._ZN9nRF24L01P24getCyclicRedundancyCheckEv
                0x00000000       0x26 nrf24l01p.o
 .text._ZN9nRF24L01P14getAirDataRateEv
                0x00000000       0x2c nrf24l01p.o
 .text._ZN9nRF24L01P14getOutputPowerEv
                0x00000000       0x3c nrf24l01p.o
 .text._ZN9nRF24L01P20enableDynamicPayloadEv
                0x00000000       0x32 nrf24l01p.o
 .text          0x00000000        0x0 OneWire.o
 .data          0x00000000        0x0 OneWire.o
 .bss           0x00000000        0x0 OneWire.o
 .text          0x00000000        0x0 spi.o
 .data          0x00000000        0x0 spi.o
 .bss           0x00000000        0x0 spi.o
 .text._ZN3spi12spi_transmitEPci
                0x00000000       0x3c spi.o
 .text          0x00000000        0x0 d:/stuff/atmel/7.0/toolchain/avr8/avr8-gnu-toolchain/bin/../lib/gcc/avr/4.9.2/avr5\libgcc.a(_exit.o)
 .data          0x00000000        0x0 d:/stuff/atmel/7.0/toolchain/avr8/avr8-gnu-toolchain/bin/../lib/gcc/avr/4.9.2/avr5\libgcc.a(_exit.o)
 .bss           0x00000000        0x0 d:/stuff/atmel/7.0/toolchain/avr8/avr8-gnu-toolchain/bin/../lib/gcc/avr/4.9.2/avr5\libgcc.a(_exit.o)
 .text.libgcc.mul
                0x00000000        0x0 d:/stuff/atmel/7.0/toolchain/avr8/avr8-gnu-toolchain/bin/../lib/gcc/avr/4.9.2/avr5\libgcc.a(_exit.o)
 .text.libgcc.div
                0x00000000        0x0 d:/stuff/atmel/7.0/toolchain/avr8/avr8-gnu-toolchain/bin/../lib/gcc/avr/4.9.2/avr5\libgcc.a(_exit.o)
 .text.libgcc   0x00000000        0x0 d:/stuff/atmel/7.0/toolchain/avr8/avr8-gnu-toolchain/bin/../lib/gcc/avr/4.9.2/avr5\libgcc.a(_exit.o)
 .text.libgcc.prologue
                0x00000000        0x0 d:/stuff/atmel/7.0/toolchain/avr8/avr8-gnu-toolchain/bin/../lib/gcc/avr/4.9.2/avr5\libgcc.a(_exit.o)
 .text.libgcc.builtins
                0x00000000        0x0 d:/stuff/atmel/7.0/toolchain/avr8/avr8-gnu-toolchain/bin/../lib/gcc/avr/4.9.2/avr5\libgcc.a(_exit.o)
 .text.libgcc.fmul
                0x00000000        0x0 d:/stuff/atmel/7.0/toolchain/avr8/avr8-gnu-toolchain/bin/../lib/gcc/avr/4.9.2/avr5\libgcc.a(_exit.o)
 .text.libgcc.fixed
                0x00000000        0x0 d:/stuff/atmel/7.0/toolchain/avr8/avr8-gnu-toolchain/bin/../lib/gcc/avr/4.9.2/avr5\libgcc.a(_exit.o)
 .text          0x00000000        0x0 d:/stuff/atmel/7.0/toolchain/avr8/avr8-gnu-toolchain/bin/../lib/gcc/avr/4.9.2/avr5\libgcc.a(_tablejump2.o)
 .data          0x00000000        0x0 d:/stuff/atmel/7.0/toolchain/avr8/avr8-gnu-toolchain/bin/../lib/gcc/avr/4.9.2/avr5\libgcc.a(_tablejump2.o)
 .bss           0x00000000        0x0 d:/stuff/atmel/7.0/toolchain/avr8/avr8-gnu-toolchain/bin/../lib/gcc/avr/4.9.2/avr5\libgcc.a(_tablejump2.o)
 .text.libgcc.mul
                0x00000000        0x0 d:/stuff/atmel/7.0/toolchain/avr8/avr8-gnu-toolchain/bin/../lib/gcc/avr/4.9.2/avr5\libgcc.a(_tablejump2.o)
 .text.libgcc.div
                0x00000000        0x0 d:/stuff/atmel/7.0/toolchain/avr8/avr8-gnu-toolchain/bin/../lib/gcc/avr/4.9.2/avr5\libgcc.a(_tablejump2.o)
 .text.libgcc.prologue
                0x00000000        0x0 d:/stuff/atmel/7.0/toolchain/avr8/avr8-gnu-toolchain/bin/../lib/gcc/avr/4.9.2/avr5\libgcc.a(_tablejump2.o)
 .text.libgcc.builtins
                0x00000000        0x0 d:/stuff/atmel/7.0/toolchain/avr8/avr8-gnu-toolchain/bin/../lib/gcc/avr/4.9.2/avr5\libgcc.a(_tablejump2.o)
 .text.libgcc.fmul
                0x00000000        0x0 d:/stuff/atmel/7.0/toolchain/avr8/avr8-gnu-toolchain/bin/../lib/gcc/avr/4.9.2/avr5\libgcc.a(_tablejump2.o)
 .text.libgcc.fixed
                0x00000000        0x0 d:/stuff/atmel/7.0/toolchain/avr8/avr8-gnu-toolchain/bin/../lib/gcc/avr/4.9.2/avr5\libgcc.a(_tablejump2.o)
 .text          0x00000000        0x0 d:/stuff/atmel/7.0/toolchain/avr8/avr8-gnu-toolchain/bin/../lib/gcc/avr/4.9.2/avr5\libgcc.a(_copy_data.o)
 .data          0x00000000        0x0 d:/stuff/atmel/7.0/toolchain/avr8/avr8-gnu-toolchain/bin/../lib/gcc/avr/4.9.2/avr5\libgcc.a(_copy_data.o)
 .bss           0x00000000        0x0 d:/stuff/atmel/7.0/toolchain/avr8/avr8-gnu-toolchain/bin/../lib/gcc/avr/4.9.2/avr5\libgcc.a(_copy_data.o)
 .text.libgcc.mul
                0x00000000        0x0 d:/stuff/atmel/7.0/toolchain/avr8/avr8-gnu-toolchain/bin/../lib/gcc/avr/4.9.2/avr5\libgcc.a(_copy_data.o)
 .text.libgcc.div
                0x00000000        0x0 d:/stuff/atmel/7.0/toolchain/avr8/avr8-gnu-toolchain/bin/../lib/gcc/avr/4.9.2/avr5\libgcc.a(_copy_data.o)
 .text.libgcc   0x00000000        0x0 d:/stuff/atmel/7.0/toolchain/avr8/avr8-gnu-toolchain/bin/../lib/gcc/avr/4.9.2/avr5\libgcc.a(_copy_data.o)
 .text.libgcc.prologue
                0x00000000        0x0 d:/stuff/atmel/7.0/toolchain/avr8/avr8-gnu-toolchain/bin/../lib/gcc/avr/4.9.2/avr5\libgcc.a(_copy_data.o)
 .text.libgcc.builtins
                0x00000000        0x0 d:/stuff/atmel/7.0/toolchain/avr8/avr8-gnu-toolchain/bin/../lib/gcc/avr/4.9.2/avr5\libgcc.a(_copy_data.o)
 .text.libgcc.fmul
                0x00000000        0x0 d:/stuff/atmel/7.0/toolchain/avr8/avr8-gnu-toolchain/bin/../lib/gcc/avr/4.9.2/avr5\libgcc.a(_copy_data.o)
 .text.libgcc.fixed
                0x00000000        0x0 d:/stuff/atmel/7.0/toolchain/avr8/avr8-gnu-toolchain/bin/../lib/gcc/avr/4.9.2/avr5\libgcc.a(_copy_data.o)
 .text          0x00000000        0x0 d:/stuff/atmel/7.0/toolchain/avr8/avr8-gnu-toolchain/bin/../lib/gcc/avr/4.9.2/avr5\libgcc.a(_clear_bss.o)
 .data          0x00000000        0x0 d:/stuff/atmel/7.0/toolchain/avr8/avr8-gnu-toolchain/bin/../lib/gcc/avr/4.9.2/avr5\libgcc.a(_clear_bss.o)
 .bss           0x00000000        0x0 d:/stuff/atmel/7.0/toolchain/avr8/avr8-gnu-toolchain/bin/../lib/gcc/avr/4.9.2/avr5\libgcc.a(_clear_bss.o)
 .text.libgcc.mul
                0x00000000        0x0 d:/stuff/atmel/7.0/toolchain/avr8/avr8-gnu-toolchain/bin/../lib/gcc/avr/4.9.2/avr5\libgcc.a(_clear_bss.o)
 .text.libgcc.div
                0x00000000        0x0 d:/stuff/atmel/7.0/toolchain/avr8/avr8-gnu-toolchain/bin/../lib/gcc/avr/4.9.2/avr5\libgcc.a(_clear_bss.o)
 .text.libgcc   0x00000000        0x0 d:/stuff/atmel/7.0/toolchain/avr8/avr8-gnu-toolchain/bin/../lib/gcc/avr/4.9.2/avr5\libgcc.a(_clear_bss.o)
 .text.libgcc.prologue
                0x00000000        0x0 d:/stuff/atmel/7.0/toolchain/avr8/avr8-gnu-toolchain/bin/../lib/gcc/avr/4.9.2/avr5\libgcc.a(_clear_bss.o)
 .text.libgcc.builtins
                0x00000000        0x0 d:/stuff/atmel/7.0/toolchain/avr8/avr8-gnu-toolchain/bin/../lib/gcc/avr/4.9.2/avr5\libgcc.a(_clear_bss.o)
 .text.libgcc.fmul
                0x00000000        0x0 d:/stuff/atmel/7.0/toolchain/avr8/avr8-gnu-toolchain/bin/../lib/gcc/avr/4.9.2/avr5\libgcc.a(_clear_bss.o)
 .text.libgcc.fixed
                0x00000000        0x0 d:/stuff/atmel/7.0/toolchain/avr8/avr8-gnu-toolchain/bin/../lib/gcc/avr/4.9.2/avr5\libgcc.a(_clear_bss.o)
 .text          0x00000000        0x0 d:/stuff/atmel/7.0/toolchain/avr8/avr8-gnu-toolchain/bin/../lib/gcc/avr/4.9.2/avr5\libgcc.a(_ctors.o)
 .data          0x00000000        0x0 d:/stuff/atmel/7.0/toolchain/avr8/avr8-gnu-toolchain/bin/../lib/gcc/avr/4.9.2/avr5\libgcc.a(_ctors.o)
 .bss           0x00000000        0x0 d:/stuff/atmel/7.0/toolchain/avr8/avr8-gnu-toolchain/bin/../lib/gcc/avr/4.9.2/avr5\libgcc.a(_ctors.o)
 .text.libgcc.mul
                0x00000000        0x0 d:/stuff/atmel/7.0/toolchain/avr8/avr8-gnu-toolchain/bin/../lib/gcc/avr/4.9.2/avr5\libgcc.a(_ctors.o)
 .text.libgcc.div
                0x00000000        0x0 d:/stuff/atmel/7.0/toolchain/avr8/avr8-gnu-toolchain/bin/../lib/gcc/avr/4.9.2/avr5\libgcc.a(_ctors.o)
 .text.libgcc   0x00000000        0x0 d:/stuff/atmel/7.0/toolchain/avr8/avr8-gnu-toolchain/bin/../lib/gcc/avr/4.9.2/avr5\libgcc.a(_ctors.o)
 .text.libgcc.prologue
                0x00000000        0x0 d:/stuff/atmel/7.0/toolchain/avr8/avr8-gnu-toolchain/bin/../lib/gcc/avr/4.9.2/avr5\libgcc.a(_ctors.o)
 .text.libgcc.builtins
                0x00000000        0x0 d:/stuff/atmel/7.0/toolchain/avr8/avr8-gnu-toolchain/bin/../lib/gcc/avr/4.9.2/avr5\libgcc.a(_ctors.o)
 .text.libgcc.fmul
                0x00000000        0x0 d:/stuff/atmel/7.0/toolchain/avr8/avr8-gnu-toolchain/bin/../lib/gcc/avr/4.9.2/avr5\libgcc.a(_ctors.o)
 .text.libgcc.fixed
                0x00000000        0x0 d:/stuff/atmel/7.0/toolchain/avr8/avr8-gnu-toolchain/bin/../lib/gcc/avr/4.9.2/avr5\libgcc.a(_ctors.o)
 .text          0x00000000        0x0 d:/stuff/atmel/7.0/toolchain/avr8/avr8-gnu-toolchain/bin/../lib/gcc/avr/4.9.2/avr5\libgcc.a(_ashrdi3.o)
 .data          0x00000000        0x0 d:/stuff/atmel/7.0/toolchain/avr8/avr8-gnu-toolchain/bin/../lib/gcc/avr/4.9.2/avr5\libgcc.a(_ashrdi3.o)
 .bss           0x00000000        0x0 d:/stuff/atmel/7.0/toolchain/avr8/avr8-gnu-toolchain/bin/../lib/gcc/avr/4.9.2/avr5\libgcc.a(_ashrdi3.o)
 .text.libgcc.mul
                0x00000000        0x0 d:/stuff/atmel/7.0/toolchain/avr8/avr8-gnu-toolchain/bin/../lib/gcc/avr/4.9.2/avr5\libgcc.a(_ashrdi3.o)
 .text.libgcc.div
                0x00000000        0x0 d:/stuff/atmel/7.0/toolchain/avr8/avr8-gnu-toolchain/bin/../lib/gcc/avr/4.9.2/avr5\libgcc.a(_ashrdi3.o)
 .text.libgcc   0x00000000        0x0 d:/stuff/atmel/7.0/toolchain/avr8/avr8-gnu-toolchain/bin/../lib/gcc/avr/4.9.2/avr5\libgcc.a(_ashrdi3.o)
 .text.libgcc.prologue
                0x00000000        0x0 d:/stuff/atmel/7.0/toolchain/avr8/avr8-gnu-toolchain/bin/../lib/gcc/avr/4.9.2/avr5\libgcc.a(_ashrdi3.o)
 .text.libgcc.fmul
                0x00000000        0x0 d:/stuff/atmel/7.0/toolchain/avr8/avr8-gnu-toolchain/bin/../lib/gcc/avr/4.9.2/avr5\libgcc.a(_ashrdi3.o)
 .text.libgcc.fixed
                0x00000000        0x0 d:/stuff/atmel/7.0/toolchain/avr8/avr8-gnu-toolchain/bin/../lib/gcc/avr/4.9.2/avr5\libgcc.a(_ashrdi3.o)
 .text          0x00000000        0x0 d:/stuff/atmel/7.0/toolchain/avr8/avr8-gnu-toolchain/bin/../lib/gcc/avr/4.9.2/../../../../avr/lib/avr5\libc.a(atoi.o)
 .data          0x00000000        0x0 d:/stuff/atmel/7.0/toolchain/avr8/avr8-gnu-toolchain/bin/../lib/gcc/avr/4.9.2/../../../../avr/lib/avr5\libc.a(atoi.o)
 .bss           0x00000000        0x0 d:/stuff/atmel/7.0/toolchain/avr8/avr8-gnu-toolchain/bin/../lib/gcc/avr/4.9.2/../../../../avr/lib/avr5\libc.a(atoi.o)
 .text          0x00000000        0x0 d:/stuff/atmel/7.0/toolchain/avr8/avr8-gnu-toolchain/bin/../lib/gcc/avr/4.9.2/../../../../avr/lib/avr5\libc.a(mul10.o)
 .data          0x00000000        0x0 d:/stuff/atmel/7.0/toolchain/avr8/avr8-gnu-toolchain/bin/../lib/gcc/avr/4.9.2/../../../../avr/lib/avr5\libc.a(mul10.o)
 .bss           0x00000000        0x0 d:/stuff/atmel/7.0/toolchain/avr8/avr8-gnu-toolchain/bin/../lib/gcc/avr/4.9.2/../../../../avr/lib/avr5\libc.a(mul10.o)

Memory Configuration

Name             Origin             Length             Attributes
text             0x00000000         0x00020000         xr
data             0x00800060         0x0000ffa0         rw !x
eeprom           0x00810000         0x00010000         rw !x
fuse             0x00820000         0x00000003         rw !x
lock             0x00830000         0x00000400         rw !x
signature        0x00840000         0x00000400         rw !x
user_signatures  0x00850000         0x00000400         rw !x
*default*        0x00000000         0xffffffff

Linker script and memory map

Address of section .data set to 0x800100
LOAD D:/Stuff/Atmel/7.0/Packs/atmel/ATmega_DFP/1.1.130/gcc/dev/atmega328p/avr5/crtatmega328p.o
LOAD adc.o
LOAD dht.o
LOAD ds18b20.o
LOAD main.o
LOAD nrf24l01p.o
LOAD OneWire.o
LOAD spi.o
START GROUP
LOAD d:/stuff/atmel/7.0/toolchain/avr8/avr8-gnu-toolchain/bin/../lib/gcc/avr/4.9.2/../../../../avr/lib/avr5\libm.a
END GROUP
LOAD d:/stuff/atmel/7.0/toolchain/avr8/avr8-gnu-toolchain/bin/../lib/gcc/avr/4.9.2/avr5\libgcc.a
LOAD d:/stuff/atmel/7.0/toolchain/avr8/avr8-gnu-toolchain/bin/../lib/gcc/avr/4.9.2/../../../../avr/lib/avr5\libm.a
START GROUP
LOAD d:/stuff/atmel/7.0/toolchain/avr8/avr8-gnu-toolchain/bin/../lib/gcc/avr/4.9.2/avr5\libgcc.a
LOAD d:/stuff/atmel/7.0/toolchain/avr8/avr8-gnu-toolchain/bin/../lib/gcc/avr/4.9.2/../../../../avr/lib/avr5\libm.a
LOAD d:/stuff/atmel/7.0/toolchain/avr8/avr8-gnu-toolchain/bin/../lib/gcc/avr/4.9.2/../../../../avr/lib/avr5\libc.a
LOAD D:/Stuff/Atmel/7.0/Packs/atmel/ATmega_DFP/1.1.130/gcc/dev/atmega328p/avr5\libatmega328p.a
END GROUP
                0x00020000                __TEXT_REGION_LENGTH__ = DEFINED (__TEXT_REGION_LENGTH__)?__TEXT_REGION_LENGTH__:0x20000
                0x0000ffa0                __DATA_REGION_LENGTH__ = DEFINED (__DATA_REGION_LENGTH__)?__DATA_REGION_LENGTH__:0xffa0
                0x00010000                __EEPROM_REGION_LENGTH__ = DEFINED (__EEPROM_REGION_LENGTH__)?__EEPROM_REGION_LENGTH__:0x10000
                [0x00000003]                __FUSE_REGION_LENGTH__ = DEFINED (__FUSE_REGION_LENGTH__)?__FUSE_REGION_LENGTH__:0x400
                0x00000400                __LOCK_REGION_LENGTH__ = DEFINED (__LOCK_REGION_LENGTH__)?__LOCK_REGION_LENGTH__:0x400
                0x00000400                __SIGNATURE_REGION_LENGTH__ = DEFINED (__SIGNATURE_REGION_LENGTH__)?__SIGNATURE_REGION_LENGTH__:0x400
                0x00000400                __USER_SIGNATURE_REGION_LENGTH__ = DEFINED (__USER_SIGNATURE_REGION_LENGTH__)?__USER_SIGNATURE_REGION_LENGTH__:0x400

.hash
 *(.hash)

.dynsym
 *(.dynsym)

.dynstr
 *(.dynstr)

.gnu.version
 *(.gnu.version)

.gnu.version_d
 *(.gnu.version_d)

.gnu.version_r
 *(.gnu.version_r)

.rel.init
 *(.rel.init)

.rela.init
 *(.rela.init)

.rel.text
 *(.rel.text)
 *(.rel.text.*)
 *(.rel.gnu.linkonce.t*)

.rela.text
 *(.rela.text)
 *(.rela.text.*)
 *(.rela.gnu.linkonce.t*)

.rel.fini
 *(.rel.fini)

.rela.fini
 *(.rela.fini)

.rel.rodata
 *(.rel.rodata)
 *(.rel.rodata.*)
 *(.rel.gnu.linkonce.r*)

.rela.rodata
 *(.rela.rodata)
 *(.rela.rodata.*)
 *(.rela.gnu.linkonce.r*)

.rel.data
 *(.rel.data)
 *(.rel.data.*)
 *(.rel.gnu.linkonce.d*)

.rela.data
 *(.rela.data)
 *(.rela.data.*)
 *(.rela.gnu.linkonce.d*)

.rel.ctors
 *(.rel.ctors)

.rela.ctors
 *(.rela.ctors)

.rel.dtors
 *(.rel.dtors)

.rela.dtors
 *(.rela.dtors)

.rel.got
 *(.rel.got)

.rela.got
 *(.rela.got)

.rel.bss
 *(.rel.bss)

.rela.bss
 *(.rela.bss)

.rel.plt
 *(.rel.plt)

.rela.plt
 *(.rela.plt)

.text           0x00000000     0x1522
 *(.vectors)
 .vectors       0x00000000       0x68 D:/Stuff/Atmel/7.0/Packs/atmel/ATmega_DFP/1.1.130/gcc/dev/atmega328p/avr5/crtatmega328p.o
                0x00000000                __vector_default
                0x00000000                __vectors
 *(.vectors)
 *(.progmem.gcc*)
 .progmem.gcc_sw_table._ZN9nRF24L01P14enableDataPipeEa
                0x00000068        0xe nrf24l01p.o
                0x00000076                . = ALIGN (0x2)
                0x00000076                __trampolines_start = .
 *(.trampolines)
 .trampolines   0x00000076        0x0 linker stubs
 *(.trampolines*)
                0x00000076                __trampolines_end = .
 *libprintf_flt.a:*(.progmem.data)
 *libc.a:*(.progmem.data)
 *(.progmem*)
                0x00000076                . = ALIGN (0x2)
 *(.jumptables)
 *(.jumptables*)
 *(.lowtext)
 *(.lowtext*)
                0x00000076                __ctors_start = .
 *(.ctors)
 .ctors         0x00000076        0x2 main.o
                0x00000078                __ctors_end = .
                0x00000078                __dtors_start = .
 *(.dtors)
                0x00000078                __dtors_end = .
 SORT(*)(.ctors)
 SORT(*)(.dtors)
 *(.init0)
 .init0         0x00000078        0x0 D:/Stuff/Atmel/7.0/Packs/atmel/ATmega_DFP/1.1.130/gcc/dev/atmega328p/avr5/crtatmega328p.o
                0x00000078                __init
 *(.init0)
 *(.init1)
 *(.init1)
 *(.init2)
 .init2         0x00000078        0xc D:/Stuff/Atmel/7.0/Packs/atmel/ATmega_DFP/1.1.130/gcc/dev/atmega328p/avr5/crtatmega328p.o
 *(.init2)
 *(.init3)
 *(.init3)
 *(.init4)
 .init4         0x00000084       0x16 d:/stuff/atmel/7.0/toolchain/avr8/avr8-gnu-toolchain/bin/../lib/gcc/avr/4.9.2/avr5\libgcc.a(_copy_data.o)
                0x00000084                __do_copy_data
 .init4         0x0000009a       0x10 d:/stuff/atmel/7.0/toolchain/avr8/avr8-gnu-toolchain/bin/../lib/gcc/avr/4.9.2/avr5\libgcc.a(_clear_bss.o)
                0x0000009a                __do_clear_bss
 *(.init4)
 *(.init5)
 *(.init5)
 *(.init6)
 .init6         0x000000aa       0x16 d:/stuff/atmel/7.0/toolchain/avr8/avr8-gnu-toolchain/bin/../lib/gcc/avr/4.9.2/avr5\libgcc.a(_ctors.o)
                0x000000aa                __do_global_ctors
 *(.init6)
 *(.init7)
 *(.init7)
 *(.init8)
 *(.init8)
 *(.init9)
 .init9         0x000000c0        0x8 D:/Stuff/Atmel/7.0/Packs/atmel/ATmega_DFP/1.1.130/gcc/dev/atmega328p/avr5/crtatmega328p.o
 *(.init9)
 *(.text)
 .text          0x000000c8        0x4 D:/Stuff/Atmel/7.0/Packs/atmel/ATmega_DFP/1.1.130/gcc/dev/atmega328p/avr5/crtatmega328p.o
                0x000000c8                __vector_22
                0x000000c8                __vector_1
                0x000000c8                __vector_24
                0x000000c8                __vector_12
                0x000000c8                __bad_interrupt
                0x000000c8                __vector_6
                0x000000c8                __vector_3
                0x000000c8                __vector_23
                0x000000c8                __vector_25
                0x000000c8                __vector_13
                0x000000c8                __vector_17
                0x000000c8                __vector_19
                0x000000c8                __vector_7
                0x000000c8                __vector_5
                0x000000c8                __vector_4
                0x000000c8                __vector_9
                0x000000c8                __vector_2
                0x000000c8                __vector_21
                0x000000c8                __vector_15
                0x000000c8                __vector_8
                0x000000c8                __vector_14
                0x000000c8                __vector_10
                0x000000c8                __vector_16
                0x000000c8                __vector_18
                0x000000c8                __vector_20
                0x000000cc                . = ALIGN (0x2)
 *(.text.*)
 .text._ZN3adcC2Ev
                0x000000cc        0x2 adc.o
                0x000000cc                _ZN3adcC1Ev
                0x000000cc                _ZN3adcC2Ev
 .text._ZN3adc7initADCEv
                0x000000ce       0x20 adc.o
                0x000000ce                _ZN3adc7initADCEv
 .text._ZN3adc10analogReadEPh
                0x000000ee       0x30 adc.o
                0x000000ee                _ZN3adc10analogReadEPh
 .text._ZN3dhtC2Ev
                0x0000011e        0x2 dht.o
                0x0000011e                _ZN3dhtC2Ev
                0x0000011e                _ZN3dhtC1Ev
 .text._ZN3dht7initDHTEv
                0x00000120       0x14 dht.o
                0x00000120                _ZN3dht7initDHTEv
 .text._ZN3dht7requestEv
                0x00000134       0x14 dht.o
                0x00000134                _ZN3dht7requestEv
 .text._ZN3dht8responseEv
                0x00000148       0x4a dht.o
                0x00000148                _ZN3dht8responseEv
 .text._ZN3dht10read_bytesEv
                0x00000192       0x50 dht.o
                0x00000192                _ZN3dht10read_bytesEv
 .text._Z14getTemperaturePhh
                0x000001e2       0x68 ds18b20.o
                0x000001e2                _Z14getTemperaturePhh
 .text._Z12send_tx_datav
                0x0000024a      0x166 main.o
                0x0000024a                _Z12send_tx_datav
 .text.main     0x000003b0      0x62c main.o
                0x000003b0                main
 .text.__vector_11
                0x000009dc       0x2e main.o
                0x000009dc                __vector_11
 .text._GLOBAL__sub_I_my_nrf
                0x00000a0a       0x1a main.o
 .text._ZN9nRF24L01P12setRXAddressEhy
                0x00000a24      0x190 nrf24l01p.o
                0x00000a24                _ZN9nRF24L01P12setRXAddressEhy
 .text._ZN9nRF24L01P12setRXAddressEhPh
                0x00000bb4       0xa4 nrf24l01p.o
                0x00000bb4                _ZN9nRF24L01P12setRXAddressEhPh
 .text._ZN9nRF24L01P12setTXAddressEy
                0x00000c58       0xf0 nrf24l01p.o
                0x00000c58                _ZN9nRF24L01P12setTXAddressEy
 .text._ZN9nRF24L01P12setTXAddressEPh
                0x00000d48       0x40 nrf24l01p.o
                0x00000d48                _ZN9nRF24L01P12setTXAddressEPh
 .text._ZN9nRF24L01P11getRegisterEh
                0x00000d88       0x20 nrf24l01p.o
                0x00000d88                _ZN9nRF24L01P11getRegisterEh
 .text._ZN9nRF24L01P11setRegisterEhh
                0x00000da8       0x2c nrf24l01p.o
                0x00000da8                _ZN9nRF24L01P11setRegisterEhh
 .text._ZN9nRF24L01P7powerUpEv
                0x00000dd4       0x3a nrf24l01p.o
                0x00000dd4                _ZN9nRF24L01P7powerUpEv
 .text._ZN9nRF24L01P9powerDownEv
                0x00000e0e       0x2e nrf24l01p.o
                0x00000e0e                _ZN9nRF24L01P9powerDownEv
 .text._ZN9nRF24L01P15setTransmitModeEv
                0x00000e3c       0x50 nrf24l01p.o
                0x00000e3c                _ZN9nRF24L01P15setTransmitModeEv
 .text._ZN9nRF24L01P15setTransferSizeEhh
                0x00000e8c       0x5e nrf24l01p.o
                0x00000e8c                _ZN9nRF24L01P15setTransferSizeEhh
 .text._ZN9nRF24L01P25disableAutoAcknowledgmentEv
                0x00000eea       0x1c nrf24l01p.o
                0x00000eea                _ZN9nRF24L01P25disableAutoAcknowledgmentEv
 .text._ZN9nRF24L01P21disableAutoRetransmitEv
                0x00000f06       0x1c nrf24l01p.o
                0x00000f06                _ZN9nRF24L01P21disableAutoRetransmitEv
 .text._ZN9nRF24L01P19setFrequencyChannelEj
                0x00000f22       0x16 nrf24l01p.o
                0x00000f22                _ZN9nRF24L01P19setFrequencyChannelEj
 .text._ZN9nRF24L01P14enableDataPipeEa
                0x00000f38       0x78 nrf24l01p.o
                0x00000f38                _ZN9nRF24L01P14enableDataPipeEa
 .text._ZN9nRF24L01P24setCyclicRedundancyCheckEh
                0x00000fb0       0x60 nrf24l01p.o
                0x00000fb0                _ZN9nRF24L01P24setCyclicRedundancyCheckEh
 .text._ZN9nRF24L01P14setAirDataRateEj
                0x00001010       0x54 nrf24l01p.o
                0x00001010                _ZN9nRF24L01P14setAirDataRateEj
 .text._ZN9nRF24L01P14setOutputPowerEa
                0x00001064       0x52 nrf24l01p.o
                0x00001064                _ZN9nRF24L01P14setOutputPowerEa
 .text._ZN9nRF24L01P17getStatusRegisterEv
                0x000010b6       0x12 nrf24l01p.o
                0x000010b6                _ZN9nRF24L01P17getStatusRegisterEv
 .text._ZN9nRF24L01P8flush_TXEv
                0x000010c8       0x2a nrf24l01p.o
                0x000010c8                _ZN9nRF24L01P8flush_TXEv
 .text._ZN9nRF24L01P9writeDataEPhh
                0x000010f2       0x86 nrf24l01p.o
                0x000010f2                _ZN9nRF24L01P9writeDataEPhh
 .text._ZN9nRF24L01P8flush_RXEv
                0x00001178       0x2a nrf24l01p.o
                0x00001178                _ZN9nRF24L01P8flush_RXEv
 .text._ZN9nRF24L01PC2Ev
                0x000011a2       0x32 nrf24l01p.o
                0x000011a2                _ZN9nRF24L01PC1Ev
                0x000011a2                _ZN9nRF24L01PC2Ev
 .text._ZN9nRF24L01P8readDataEPhh
                0x000011d4       0x9c nrf24l01p.o
                0x000011d4                _ZN9nRF24L01P8readDataEPhh
 .text._ZN9nRF24L01P14setReceiveModeEv
                0x00001270       0x46 nrf24l01p.o
                0x00001270                _ZN9nRF24L01P14setReceiveModeEv
 .text._ZN9nRF24L01P8readableEv
                0x000012b6       0x24 nrf24l01p.o
                0x000012b6                _ZN9nRF24L01P8readableEv
 .text._Z13onewire_reseth
                0x000012da       0x6e OneWire.o
                0x000012da                _Z13onewire_reseth
 .text._Z13onewire_writehh
                0x00001348       0x74 OneWire.o
                0x00001348                _Z13onewire_writehh
 .text._Z12onewire_readh
                0x000013bc       0x68 OneWire.o
                0x000013bc                _Z12onewire_readh
 .text._Z27onewire_wait_for_conversionh
                0x00001424       0x4a OneWire.o
                0x00001424                _Z27onewire_wait_for_conversionh
 .text._ZN3spi8spi_initEv
                0x0000146e       0x10 spi.o
                0x0000146e                _ZN3spi8spi_initEv
 .text._ZN3spi13spi_send_charEc
                0x0000147e        0xc spi.o
                0x0000147e                _ZN3spi13spi_send_charEc
 .text.libgcc   0x0000148a        0xc d:/stuff/atmel/7.0/toolchain/avr8/avr8-gnu-toolchain/bin/../lib/gcc/avr/4.9.2/avr5\libgcc.a(_tablejump2.o)
                0x0000148a                __tablejump2__
 .text.libgcc.builtins
                0x00001496       0x3c d:/stuff/atmel/7.0/toolchain/avr8/avr8-gnu-toolchain/bin/../lib/gcc/avr/4.9.2/avr5\libgcc.a(_ashrdi3.o)
                0x00001496                __ashrdi3
                0x0000149a                __lshrdi3
 .text.avr-libc
                0x000014d2       0x3c d:/stuff/atmel/7.0/toolchain/avr8/avr8-gnu-toolchain/bin/../lib/gcc/avr/4.9.2/../../../../avr/lib/avr5\libc.a(atoi.o)
                0x000014d2                atoi
 .text.avr-libc
                0x0000150e       0x10 d:/stuff/atmel/7.0/toolchain/avr8/avr8-gnu-toolchain/bin/../lib/gcc/avr/4.9.2/../../../../avr/lib/avr5\libc.a(mul10.o)
                0x0000150e                __mulhi_const_10
                0x0000151e                . = ALIGN (0x2)
 *(.fini9)
 .fini9         0x0000151e        0x0 d:/stuff/atmel/7.0/toolchain/avr8/avr8-gnu-toolchain/bin/../lib/gcc/avr/4.9.2/avr5\libgcc.a(_exit.o)
                0x0000151e                _exit
                0x0000151e                exit
 *(.fini9)
 *(.fini8)
 *(.fini8)
 *(.fini7)
 *(.fini7)
 *(.fini6)
 *(.fini6)
 *(.fini5)
 *(.fini5)
 *(.fini4)
 *(.fini4)
 *(.fini3)
 *(.fini3)
 *(.fini2)
 *(.fini2)
 *(.fini1)
 *(.fini1)
 *(.fini0)
 .fini0         0x0000151e        0x4 d:/stuff/atmel/7.0/toolchain/avr8/avr8-gnu-toolchain/bin/../lib/gcc/avr/4.9.2/avr5\libgcc.a(_exit.o)
 *(.fini0)
                0x00001522                _etext = .

.data           0x00800100        0xe load address 0x00001522
                0x00800100                PROVIDE (__data_start, .)
 *(.data)
 *(.data*)
 .data.mode     0x00800100        0x2 main.o
                0x00800100                mode
 .data.send_tx_timer
                0x00800102        0x2 main.o
                0x00800102                send_tx_timer
 *(.rodata)
 .rodata        0x00800104        0xa main.o
 *(.rodata*)
 *(.gnu.linkonce.d*)
                0x0080010e                . = ALIGN (0x2)
                0x0080010e                _edata = .
                0x0080010e                PROVIDE (__data_end, .)

.bss            0x0080010e       0x21
                0x0080010e                PROVIDE (__bss_start, .)
 *(.bss)
 *(.bss*)
 .bss.send_response
                0x0080010e        0x1 main.o
                0x0080010e                send_response
 .bss.rx_error  0x0080010f        0x1 main.o
                0x0080010f                rx_error
 .bss.debounce  0x00800110        0x1 main.o
                0x00800110                debounce
 .bss.one_second_counter_ptr
                0x00800111        0x2 main.o
                0x00800111                one_second_counter_ptr
 .bss.one_second_counter
                0x00800113        0x2 main.o
                0x00800113                one_second_counter
 .bss.RX_DATA   0x00800115        0xa main.o
                0x00800115                RX_DATA
 .bss.TX_DATA   0x0080011f        0xa main.o
                0x0080011f                TX_DATA
 .bss.TRANSFER_SIZE
                0x00800129        0x1 main.o
                0x00800129                TRANSFER_SIZE
 .bss.my_humidity
                0x0080012a        0x1 main.o
                0x0080012a                my_humidity
 .bss.my_adc    0x0080012b        0x1 main.o
                0x0080012b                my_adc
 .bss.my_nrf    0x0080012c        0x3 main.o
                0x0080012c                my_nrf
 *(COMMON)
                0x0080012f                PROVIDE (__bss_end, .)
                0x00001522                __data_load_start = LOADADDR (.data)
                0x00001530                __data_load_end = (__data_load_start + SIZEOF (.data))

.noinit         0x0080012f        0x0
                [!provide]                PROVIDE (__noinit_start, .)
 *(.noinit*)
                [!provide]                PROVIDE (__noinit_end, .)
                0x0080012f                _end = .
                [!provide]                PROVIDE (__heap_start, .)

.eeprom         0x00810000        0x0
 *(.eeprom*)
                0x00810000                __eeprom_end = .

.fuse
 *(.fuse)
 *(.lfuse)
 *(.hfuse)
 *(.efuse)

.lock
 *(.lock*)

.signature
 *(.signature*)

.user_signatures
 *(.user_signatures*)

.stab
 *(.stab)

.stabstr
 *(.stabstr)

.stab.excl
 *(.stab.excl)

.stab.exclstr
 *(.stab.exclstr)

.stab.index
 *(.stab.index)

.stab.indexstr
 *(.stab.indexstr)

.comment        0x00000000       0x30
 *(.comment)
 .comment       0x00000000       0x30 adc.o
                                 0x31 (size before relaxing)
 .comment       0x00000030       0x31 dht.o
 .comment       0x00000030       0x31 ds18b20.o
 .comment       0x00000030       0x31 main.o
 .comment       0x00000030       0x31 nrf24l01p.o
 .comment       0x00000030       0x31 OneWire.o
 .comment       0x00000030       0x31 spi.o

.note.gnu.avr.deviceinfo
                0x00000000       0x40
 .note.gnu.avr.deviceinfo
                0x00000000       0x40 D:/Stuff/Atmel/7.0/Packs/atmel/ATmega_DFP/1.1.130/gcc/dev/atmega328p/avr5/crtatmega328p.o

.note.gnu.build-id
 *(.note.gnu.build-id)

.debug
 *(.debug)

.line
 *(.line)

.debug_srcinfo
 *(.debug_srcinfo)

.debug_sfnames
 *(.debug_sfnames)

.debug_aranges  0x00000000      0x248
 *(.debug_aranges)
 .debug_aranges
                0x00000000       0x30 adc.o
 .debug_aranges
                0x00000030       0x40 dht.o
 .debug_aranges
                0x00000070       0x20 ds18b20.o
 .debug_aranges
                0x00000090       0x38 main.o
 .debug_aranges
                0x000000c8      0x118 nrf24l01p.o
 .debug_aranges
                0x000001e0       0x38 OneWire.o
 .debug_aranges
                0x00000218       0x30 spi.o

.debug_pubnames
 *(.debug_pubnames)

.debug_info     0x00000000     0x4614
 *(.debug_info .gnu.linkonce.wi.*)
 .debug_info    0x00000000      0x5f4 D:/Stuff/Atmel/7.0/Packs/atmel/ATmega_DFP/1.1.130/gcc/dev/atmega328p/avr5/crtatmega328p.o
 .debug_info    0x000005f4      0x18a adc.o
 .debug_info    0x0000077e      0x37f dht.o
 .debug_info    0x00000afd      0x20f ds18b20.o
 .debug_info    0x00000d0c     0x1368 main.o
 .debug_info    0x00002074     0x1f33 nrf24l01p.o
 .debug_info    0x00003fa7      0x4af OneWire.o
 .debug_info    0x00004456      0x1be spi.o

.debug_abbrev   0x00000000     0x12b3
 *(.debug_abbrev)
 .debug_abbrev  0x00000000      0x5a2 D:/Stuff/Atmel/7.0/Packs/atmel/ATmega_DFP/1.1.130/gcc/dev/atmega328p/avr5/crtatmega328p.o
 .debug_abbrev  0x000005a2      0x12d adc.o
 .debug_abbrev  0x000006cf      0x200 dht.o
 .debug_abbrev  0x000008cf      0x100 ds18b20.o
 .debug_abbrev  0x000009cf      0x342 main.o
 .debug_abbrev  0x00000d11      0x316 nrf24l01p.o
 .debug_abbrev  0x00001027      0x17d OneWire.o
 .debug_abbrev  0x000011a4      0x10f spi.o

.debug_line     0x00000000     0x1a23
 *(.debug_line .debug_line.* .debug_line_end)
 .debug_line    0x00000000      0x133 D:/Stuff/Atmel/7.0/Packs/atmel/ATmega_DFP/1.1.130/gcc/dev/atmega328p/avr5/crtatmega328p.o
 .debug_line    0x00000133       0xfa adc.o
 .debug_line    0x0000022d      0x239 dht.o
 .debug_line    0x00000466       0xdc ds18b20.o
 .debug_line    0x00000542      0x643 main.o
 .debug_line    0x00000b85      0xb39 nrf24l01p.o
 .debug_line    0x000016be      0x2aa OneWire.o
 .debug_line    0x00001968       0xbb spi.o

.debug_frame    0x00000000      0x6cc
 *(.debug_frame)
 .debug_frame   0x00000000       0x44 adc.o
 .debug_frame   0x00000044       0x64 dht.o
 .debug_frame   0x000000a8       0x34 ds18b20.o
 .debug_frame   0x000000dc       0xac main.o
 .debug_frame   0x00000188      0x48c nrf24l01p.o
 .debug_frame   0x00000614       0x54 OneWire.o
 .debug_frame   0x00000668       0x64 spi.o

.debug_str      0x00000000      0xec0
 *(.debug_str)
 .debug_str     0x00000000      0x208 D:/Stuff/Atmel/7.0/Packs/atmel/ATmega_DFP/1.1.130/gcc/dev/atmega328p/avr5/crtatmega328p.o
 .debug_str     0x00000208      0x1e6 adc.o
                                0x21a (size before relaxing)
 .debug_str     0x000003ee       0xdb dht.o
                                0x2a4 (size before relaxing)
 .debug_str     0x000004c9       0xda ds18b20.o
                                0x290 (size before relaxing)
 .debug_str     0x000005a3      0x80a main.o
                                0xb0e (size before relaxing)
 .debug_str     0x00000dad       0xc8 nrf24l01p.o
                                0x940 (size before relaxing)
 .debug_str     0x00000e75       0x38 OneWire.o
                                0x2de (size before relaxing)
 .debug_str     0x00000ead       0x13 spi.o
                                0x23a (size before relaxing)

.debug_loc      0x00000000     0x3146
 *(.debug_loc)
 .debug_loc     0x00000000       0x4c adc.o
 .debug_loc     0x0000004c      0x163 dht.o
 .debug_loc     0x000001af       0xca ds18b20.o
 .debug_loc     0x00000279      0x88a main.o
 .debug_loc     0x00000b03     0x22b1 nrf24l01p.o
 .debug_loc     0x00002db4      0x219 OneWire.o
 .debug_loc     0x00002fcd      0x179 spi.o

.debug_macinfo
 *(.debug_macinfo)

.debug_weaknames
 *(.debug_weaknames)

.debug_funcnames
 *(.debug_funcnames)

.debug_typenames
 *(.debug_typenames)

.debug_varnames
 *(.debug_varnames)

.debug_pubtypes
 *(.debug_pubtypes)

.debug_ranges   0x00000000      0x348
 *(.debug_ranges)
 .debug_ranges  0x00000000       0x20 adc.o
 .debug_ranges  0x00000020       0x48 dht.o
 .debug_ranges  0x00000068       0x10 ds18b20.o
 .debug_ranges  0x00000078       0xc0 main.o
 .debug_ranges  0x00000138      0x1b0 nrf24l01p.o
 .debug_ranges  0x000002e8       0x40 OneWire.o
 .debug_ranges  0x00000328       0x20 spi.o

.debug_macro
 *(.debug_macro)
OUTPUT(small_weather_station.elf elf32-avr)
LOAD linker stubs
